vite v5.4.21 building for production...
transforming...
✓ 1896 modules transformed.
rendering chunks...
computing gzip size...
dist/index.html                   0.82 kB │ gzip:  0.49 kB
dist/assets/index-BkZj-med.css   16.00 kB │ gzip:  4.19 kB
dist/assets/index-2izT4U99.js   312.84 kB │ gzip: 99.00 kB
✓ built in 1.23s
